day 0
name: +5 Dexterity Vest, quality: 20, sellIn: 10
name: Aged Brie, quality: 0, sellIn: 2
name: Elixir of the Mongoose, quality: 7, sellIn: 5
name: Sulfuras, Hand of Ragnaros, quality: 80, sellIn: 0
name: Sulfuras, Hand of Ragnaros, quality: 80, sellIn: -1
name: Backstage passes to a TAFKAL80ETC concert, quality: 20, sellIn: 15
name: Backstage passes to a TAFKAL80ETC concert, quality: 49, sellIn: 10
name: Backstage passes to a TAFKAL80ETC concert, quality: 49, sellIn: 5
name: Conjured Mana Cake, quality: 6, sellIn: 3


day 1
name: +5 Dexterity Vest, quality: 19, sellIn: 9
name: Aged Brie, quality: 1, sellIn: 1
name: Elixir of the Mongoose, quality: 6, sellIn: 4
name: Sulfuras, Hand of Ragnaros, quality: 80, sellIn: 0
name: Sulfuras, Hand of Ragnaros, quality: 80, sellIn: -1
name: Backstage passes to a TAFKAL80ETC concert, quality: 21, sellIn: 14
name: Backstage passes to a TAFKAL80ETC concert, quality: 50, sellIn: 9
name: Backstage passes to a TAFKAL80ETC concert, quality: 50, sellIn: 4
name: Conjured Mana Cake, quality: 5, sellIn: 2


day 2
name: +5 Dexterity Vest, quality: 18, sellIn: 8
name: Aged Brie, quality: 2, sellIn: 0
name: Elixir of the Mongoose, quality: 5, sellIn: 3
name: Sulfuras, Hand of Ragnaros, quality: 80, sellIn: 0
name: Sulfuras, Hand of Ragnaros, quality: 80, sellIn: -1
name: Backstage passes to a TAFKAL80ETC concert, quality: 22, sellIn: 13
name: Backstage passes to a TAFKAL80ETC concert, quality: 50, sellIn: 8
name: Backstage passes to a TAFKAL80ETC concert, quality: 50, sellIn: 3
name: Conjured Mana Cake, quality: 4, sellIn: 1


day 3
name: +5 Dexterity Vest, quality: 17, sellIn: 7
name: Aged Brie, quality: 4, sellIn: -1
name: Elixir of the Mongoose, quality: 4, sellIn: 2
name: Sulfuras, Hand of Ragnaros, quality: 80, sellIn: 0
name: Sulfuras, Hand of Ragnaros, quality: 80, sellIn: -1
name: Backstage passes to a TAFKAL80ETC concert, quality: 23, sellIn: 12
name: Backstage passes to a TAFKAL80ETC concert, quality: 50, sellIn: 7
name: Backstage passes to a TAFKAL80ETC concert, quality: 50, sellIn: 2
name: Conjured Mana Cake, quality: 3, sellIn: 0


day 4
name: +5 Dexterity Vest, quality: 16, sellIn: 6
name: Aged Brie, quality: 6, sellIn: -2
name: Elixir of the Mongoose, quality: 3, sellIn: 1
name: Sulfuras, Hand of Ragnaros, quality: 80, sellIn: 0
name: Sulfuras, Hand of Ragnaros, quality: 80, sellIn: -1
name: Backstage passes to a TAFKAL80ETC concert, quality: 24, sellIn: 11
name: Backstage passes to a TAFKAL80ETC concert, quality: 50, sellIn: 6
name: Backstage passes to a TAFKAL80ETC concert, quality: 50, sellIn: 1
name: Conjured Mana Cake, quality: 1, sellIn: -1


day 5
name: +5 Dexterity Vest, quality: 15, sellIn: 5
name: Aged Brie, quality: 8, sellIn: -3
name: Elixir of the Mongoose, quality: 2, sellIn: 0
name: Sulfuras, Hand of Ragnaros, quality: 80, sellIn: 0
name: Sulfuras, Hand of Ragnaros, quality: 80, sellIn: -1
name: Backstage passes to a TAFKAL80ETC concert, quality: 25, sellIn: 10
name: Backstage passes to a TAFKAL80ETC concert, quality: 50, sellIn: 5
name: Backstage passes to a TAFKAL80ETC concert, quality: 50, sellIn: 0
name: Conjured Mana Cake, quality: 0, sellIn: -2


day 6
name: +5 Dexterity Vest, quality: 14, sellIn: 4
name: Aged Brie, quality: 10, sellIn: -4
name: Elixir of the Mongoose, quality: 0, sellIn: -1
name: Sulfuras, Hand of Ragnaros, quality: 80, sellIn: 0
name: Sulfuras, Hand of Ragnaros, quality: 80, sellIn: -1
name: Backstage passes to a TAFKAL80ETC concert, quality: 27, sellIn: 9
name: Backstage passes to a TAFKAL80ETC concert, quality: 50, sellIn: 4
name: Backstage passes to a TAFKAL80ETC concert, quality: 0, sellIn: -1
name: Conjured Mana Cake, quality: 0, sellIn: -3


day 7
name: +5 Dexterity Vest, quality: 13, sellIn: 3
name: Aged Brie, quality: 12, sellIn: -5
name: Elixir of the Mongoose, quality: 0, sellIn: -2
name: Sulfuras, Hand of Ragnaros, quality: 80, sellIn: 0
name: Sulfuras, Hand of Ragnaros, quality: 80, sellIn: -1
name: Backstage passes to a TAFKAL80ETC concert, quality: 29, sellIn: 8
name: Backstage passes to a TAFKAL80ETC concert, quality: 50, sellIn: 3
name: Backstage passes to a TAFKAL80ETC concert, quality: 0, sellIn: -2
name: Conjured Mana Cake, quality: 0, sellIn: -4


day 8
name: +5 Dexterity Vest, quality: 12, sellIn: 2
name: Aged Brie, quality: 14, sellIn: -6
name: Elixir of the Mongoose, quality: 0, sellIn: -3
name: Sulfuras, Hand of Ragnaros, quality: 80, sellIn: 0
name: Sulfuras, Hand of Ragnaros, quality: 80, sellIn: -1
name: Backstage passes to a TAFKAL80ETC concert, quality: 31, sellIn: 7
name: Backstage passes to a TAFKAL80ETC concert, quality: 50, sellIn: 2
name: Backstage passes to a TAFKAL80ETC concert, quality: 0, sellIn: -3
name: Conjured Mana Cake, quality: 0, sellIn: -5


day 9
name: +5 Dexterity Vest, quality: 11, sellIn: 1
name: Aged Brie, quality: 16, sellIn: -7
name: Elixir of the Mongoose, quality: 0, sellIn: -4
name: Sulfuras, Hand of Ragnaros, quality: 80, sellIn: 0
name: Sulfuras, Hand of Ragnaros, quality: 80, sellIn: -1
name: Backstage passes to a TAFKAL80ETC concert, quality: 33, sellIn: 6
name: Backstage passes to a TAFKAL80ETC concert, quality: 50, sellIn: 1
name: Backstage passes to a TAFKAL80ETC concert, quality: 0, sellIn: -4
name: Conjured Mana Cake, quality: 0, sellIn: -6


day 10
name: +5 Dexterity Vest, quality: 10, sellIn: 0
name: Aged Brie, quality: 18, sellIn: -8
name: Elixir of the Mongoose, quality: 0, sellIn: -5
name: Sulfuras, Hand of Ragnaros, quality: 80, sellIn: 0
name: Sulfuras, Hand of Ragnaros, quality: 80, sellIn: -1
name: Backstage passes to a TAFKAL80ETC concert, quality: 35, sellIn: 5
name: Backstage passes to a TAFKAL80ETC concert, quality: 50, sellIn: 0
name: Backstage passes to a TAFKAL80ETC concert, quality: 0, sellIn: -5
name: Conjured Mana Cake, quality: 0, sellIn: -7


day 11
name: +5 Dexterity Vest, quality: 8, sellIn: -1
name: Aged Brie, quality: 20, sellIn: -9
name: Elixir of the Mongoose, quality: 0, sellIn: -6
name: Sulfuras, Hand of Ragnaros, quality: 80, sellIn: 0
name: Sulfuras, Hand of Ragnaros, quality: 80, sellIn: -1
name: Backstage passes to a TAFKAL80ETC concert, quality: 38, sellIn: 4
name: Backstage passes to a TAFKAL80ETC concert, quality: 0, sellIn: -1
name: Backstage passes to a TAFKAL80ETC concert, quality: 0, sellIn: -6
name: Conjured Mana Cake, quality: 0, sellIn: -8


day 12
name: +5 Dexterity Vest, quality: 6, sellIn: -2
name: Aged Brie, quality: 22, sellIn: -10
name: Elixir of the Mongoose, quality: 0, sellIn: -7
name: Sulfuras, Hand of Ragnaros, quality: 80, sellIn: 0
name: Sulfuras, Hand of Ragnaros, quality: 80, sellIn: -1
name: Backstage passes to a TAFKAL80ETC concert, quality: 41, sellIn: 3
name: Backstage passes to a TAFKAL80ETC concert, quality: 0, sellIn: -2
name: Backstage passes to a TAFKAL80ETC concert, quality: 0, sellIn: -7
name: Conjured Mana Cake, quality: 0, sellIn: -9


day 13
name: +5 Dexterity Vest, quality: 4, sellIn: -3
name: Aged Brie, quality: 24, sellIn: -11
name: Elixir of the Mongoose, quality: 0, sellIn: -8
name: Sulfuras, Hand of Ragnaros, quality: 80, sellIn: 0
name: Sulfuras, Hand of Ragnaros, quality: 80, sellIn: -1
name: Backstage passes to a TAFKAL80ETC concert, quality: 44, sellIn: 2
name: Backstage passes to a TAFKAL80ETC concert, quality: 0, sellIn: -3
name: Backstage passes to a TAFKAL80ETC concert, quality: 0, sellIn: -8
name: Conjured Mana Cake, quality: 0, sellIn: -10


day 14
name: +5 Dexterity Vest, quality: 2, sellIn: -4
name: Aged Brie, quality: 26, sellIn: -12
name: Elixir of the Mongoose, quality: 0, sellIn: -9
name: Sulfuras, Hand of Ragnaros, quality: 80, sellIn: 0
name: Sulfuras, Hand of Ragnaros, quality: 80, sellIn: -1
name: Backstage passes to a TAFKAL80ETC concert, quality: 47, sellIn: 1
name: Backstage passes to a TAFKAL80ETC concert, quality: 0, sellIn: -4
name: Backstage passes to a TAFKAL80ETC concert, quality: 0, sellIn: -9
name: Conjured Mana Cake, quality: 0, sellIn: -11


day 15
name: +5 Dexterity Vest, quality: 0, sellIn: -5
name: Aged Brie, quality: 28, sellIn: -13
name: Elixir of the Mongoose, quality: 0, sellIn: -10
name: Sulfuras, Hand of Ragnaros, quality: 80, sellIn: 0
name: Sulfuras, Hand of Ragnaros, quality: 80, sellIn: -1
name: Backstage passes to a TAFKAL80ETC concert, quality: 50, sellIn: 0
name: Backstage passes to a TAFKAL80ETC concert, quality: 0, sellIn: -5
name: Backstage passes to a TAFKAL80ETC concert, quality: 0, sellIn: -10
name: Conjured Mana Cake, quality: 0, sellIn: -12


day 16
name: +5 Dexterity Vest, quality: 0, sellIn: -6
name: Aged Brie, quality: 30, sellIn: -14
name: Elixir of the Mongoose, quality: 0, sellIn: -11
name: Sulfuras, Hand of Ragnaros, quality: 80, sellIn: 0
name: Sulfuras, Hand of Ragnaros, quality: 80, sellIn: -1
name: Backstage passes to a TAFKAL80ETC concert, quality: 0, sellIn: -1
name: Backstage passes to a TAFKAL80ETC concert, quality: 0, sellIn: -6
name: Backstage passes to a TAFKAL80ETC concert, quality: 0, sellIn: -11
name: Conjured Mana Cake, quality: 0, sellIn: -13


day 17
name: +5 Dexterity Vest, quality: 0, sellIn: -7
name: Aged Brie, quality: 32, sellIn: -15
name: Elixir of the Mongoose, quality: 0, sellIn: -12
name: Sulfuras, Hand of Ragnaros, quality: 80, sellIn: 0
name: Sulfuras, Hand of Ragnaros, quality: 80, sellIn: -1
name: Backstage passes to a TAFKAL80ETC concert, quality: 0, sellIn: -2
name: Backstage passes to a TAFKAL80ETC concert, quality: 0, sellIn: -7
name: Backstage passes to a TAFKAL80ETC concert, quality: 0, sellIn: -12
name: Conjured Mana Cake, quality: 0, sellIn: -14


day 18
name: +5 Dexterity Vest, quality: 0, sellIn: -8
name: Aged Brie, quality: 34, sellIn: -16
name: Elixir of the Mongoose, quality: 0, sellIn: -13
name: Sulfuras, Hand of Ragnaros, quality: 80, sellIn: 0
name: Sulfuras, Hand of Ragnaros, quality: 80, sellIn: -1
name: Backstage passes to a TAFKAL80ETC concert, quality: 0, sellIn: -3
name: Backstage passes to a TAFKAL80ETC concert, quality: 0, sellIn: -8
name: Backstage passes to a TAFKAL80ETC concert, quality: 0, sellIn: -13
name: Conjured Mana Cake, quality: 0, sellIn: -15


day 19
name: +5 Dexterity Vest, quality: 0, sellIn: -9
name: Aged Brie, quality: 36, sellIn: -17
name: Elixir of the Mongoose, quality: 0, sellIn: -14
name: Sulfuras, Hand of Ragnaros, quality: 80, sellIn: 0
name: Sulfuras, Hand of Ragnaros, quality: 80, sellIn: -1
name: Backstage passes to a TAFKAL80ETC concert, quality: 0, sellIn: -4
name: Backstage passes to a TAFKAL80ETC concert, quality: 0, sellIn: -9
name: Backstage passes to a TAFKAL80ETC concert, quality: 0, sellIn: -14
name: Conjured Mana Cake, quality: 0, sellIn: -16


day 20
name: +5 Dexterity Vest, quality: 0, sellIn: -10
name: Aged Brie, quality: 38, sellIn: -18
name: Elixir of the Mongoose, quality: 0, sellIn: -15
name: Sulfuras, Hand of Ragnaros, quality: 80, sellIn: 0
name: Sulfuras, Hand of Ragnaros, quality: 80, sellIn: -1
name: Backstage passes to a TAFKAL80ETC concert, quality: 0, sellIn: -5
name: Backstage passes to a TAFKAL80ETC concert, quality: 0, sellIn: -10
name: Backstage passes to a TAFKAL80ETC concert, quality: 0, sellIn: -15
name: Conjured Mana Cake, quality: 0, sellIn: -17


day 21
name: +5 Dexterity Vest, quality: 0, sellIn: -11
name: Aged Brie, quality: 40, sellIn: -19
name: Elixir of the Mongoose, quality: 0, sellIn: -16
name: Sulfuras, Hand of Ragnaros, quality: 80, sellIn: 0
name: Sulfuras, Hand of Ragnaros, quality: 80, sellIn: -1
name: Backstage passes to a TAFKAL80ETC concert, quality: 0, sellIn: -6
name: Backstage passes to a TAFKAL80ETC concert, quality: 0, sellIn: -11
name: Backstage passes to a TAFKAL80ETC concert, quality: 0, sellIn: -16
name: Conjured Mana Cake, quality: 0, sellIn: -18


day 22
name: +5 Dexterity Vest, quality: 0, sellIn: -12
name: Aged Brie, quality: 42, sellIn: -20
name: Elixir of the Mongoose, quality: 0, sellIn: -17
name: Sulfuras, Hand of Ragnaros, quality: 80, sellIn: 0
name: Sulfuras, Hand of Ragnaros, quality: 80, sellIn: -1
name: Backstage passes to a TAFKAL80ETC concert, quality: 0, sellIn: -7
name: Backstage passes to a TAFKAL80ETC concert, quality: 0, sellIn: -12
name: Backstage passes to a TAFKAL80ETC concert, quality: 0, sellIn: -17
name: Conjured Mana Cake, quality: 0, sellIn: -19


day 23
name: +5 Dexterity Vest, quality: 0, sellIn: -13
name: Aged Brie, quality: 44, sellIn: -21
name: Elixir of the Mongoose, quality: 0, sellIn: -18
name: Sulfuras, Hand of Ragnaros, quality: 80, sellIn: 0
name: Sulfuras, Hand of Ragnaros, quality: 80, sellIn: -1
name: Backstage passes to a TAFKAL80ETC concert, quality: 0, sellIn: -8
name: Backstage passes to a TAFKAL80ETC concert, quality: 0, sellIn: -13
name: Backstage passes to a TAFKAL80ETC concert, quality: 0, sellIn: -18
name: Conjured Mana Cake, quality: 0, sellIn: -20


day 24
name: +5 Dexterity Vest, quality: 0, sellIn: -14
name: Aged Brie, quality: 46, sellIn: -22
name: Elixir of the Mongoose, quality: 0, sellIn: -19
name: Sulfuras, Hand of Ragnaros, quality: 80, sellIn: 0
name: Sulfuras, Hand of Ragnaros, quality: 80, sellIn: -1
name: Backstage passes to a TAFKAL80ETC concert, quality: 0, sellIn: -9
name: Backstage passes to a TAFKAL80ETC concert, quality: 0, sellIn: -14
name: Backstage passes to a TAFKAL80ETC concert, quality: 0, sellIn: -19
name: Conjured Mana Cake, quality: 0, sellIn: -21


day 25
name: +5 Dexterity Vest, quality: 0, sellIn: -15
name: Aged Brie, quality: 48, sellIn: -23
name: Elixir of the Mongoose, quality: 0, sellIn: -20
name: Sulfuras, Hand of Ragnaros, quality: 80, sellIn: 0
name: Sulfuras, Hand of Ragnaros, quality: 80, sellIn: -1
name: Backstage passes to a TAFKAL80ETC concert, quality: 0, sellIn: -10
name: Backstage passes to a TAFKAL80ETC concert, quality: 0, sellIn: -15
name: Backstage passes to a TAFKAL80ETC concert, quality: 0, sellIn: -20
name: Conjured Mana Cake, quality: 0, sellIn: -22


day 26
name: +5 Dexterity Vest, quality: 0, sellIn: -16
name: Aged Brie, quality: 50, sellIn: -24
name: Elixir of the Mongoose, quality: 0, sellIn: -21
name: Sulfuras, Hand of Ragnaros, quality: 80, sellIn: 0
name: Sulfuras, Hand of Ragnaros, quality: 80, sellIn: -1
name: Backstage passes to a TAFKAL80ETC concert, quality: 0, sellIn: -11
name: Backstage passes to a TAFKAL80ETC concert, quality: 0, sellIn: -16
name: Backstage passes to a TAFKAL80ETC concert, quality: 0, sellIn: -21
name: Conjured Mana Cake, quality: 0, sellIn: -23


day 27
name: +5 Dexterity Vest, quality: 0, sellIn: -17
name: Aged Brie, quality: 50, sellIn: -25
name: Elixir of the Mongoose, quality: 0, sellIn: -22
name: Sulfuras, Hand of Ragnaros, quality: 80, sellIn: 0
name: Sulfuras, Hand of Ragnaros, quality: 80, sellIn: -1
name: Backstage passes to a TAFKAL80ETC concert, quality: 0, sellIn: -12
name: Backstage passes to a TAFKAL80ETC concert, quality: 0, sellIn: -17
name: Backstage passes to a TAFKAL80ETC concert, quality: 0, sellIn: -22
name: Conjured Mana Cake, quality: 0, sellIn: -24


day 28
name: +5 Dexterity Vest, quality: 0, sellIn: -18
name: Aged Brie, quality: 50, sellIn: -26
name: Elixir of the Mongoose, quality: 0, sellIn: -23
name: Sulfuras, Hand of Ragnaros, quality: 80, sellIn: 0
name: Sulfuras, Hand of Ragnaros, quality: 80, sellIn: -1
name: Backstage passes to a TAFKAL80ETC concert, quality: 0, sellIn: -13
name: Backstage passes to a TAFKAL80ETC concert, quality: 0, sellIn: -18
name: Backstage passes to a TAFKAL80ETC concert, quality: 0, sellIn: -23
name: Conjured Mana Cake, quality: 0, sellIn: -25


day 29
name: +5 Dexterity Vest, quality: 0, sellIn: -19
name: Aged Brie, quality: 50, sellIn: -27
name: Elixir of the Mongoose, quality: 0, sellIn: -24
name: Sulfuras, Hand of Ragnaros, quality: 80, sellIn: 0
name: Sulfuras, Hand of Ragnaros, quality: 80, sellIn: -1
name: Backstage passes to a TAFKAL80ETC concert, quality: 0, sellIn: -14
name: Backstage passes to a TAFKAL80ETC concert, quality: 0, sellIn: -19
name: Backstage passes to a TAFKAL80ETC concert, quality: 0, sellIn: -24
name: Conjured Mana Cake, quality: 0, sellIn: -26



